AR mux_21 structural /media/fazel/4600AC1600AC0ECD/Uni/CADS/codes/my_package/mux_21.vhd sub00/vhpl03 1700456715
EN mux_21 NULL /media/fazel/4600AC1600AC0ECD/Uni/CADS/codes/my_package/mux_21.vhd sub00/vhpl02 1700456714
PB my_package my_package /media/fazel/4600AC1600AC0ECD/Uni/CADS/codes/my_package/my_package.vhd sub00/vhpl01 1700456713
PH my_package NULL /media/fazel/4600AC1600AC0ECD/Uni/CADS/codes/my_package/my_package.vhd sub00/vhpl00 1700456712
