V3 6
FL /media/fazel/4600AC1600AC0ECD/Uni/CADS/codes/my_package/mux_21.vhd 2023/11/20.08:25:39 P.20131013
EN work/mux_21 1700456714 \
      FL /media/fazel/4600AC1600AC0ECD/Uni/CADS/codes/my_package/mux_21.vhd \
      PB work/my_package 1700456713
AR work/mux_21/Structural 1700456715 \
      FL /media/fazel/4600AC1600AC0ECD/Uni/CADS/codes/my_package/mux_21.vhd \
      EN work/mux_21 1700456714
FL /media/fazel/4600AC1600AC0ECD/Uni/CADS/codes/my_package/my_package.vhd 2023/11/20.00:26:38 P.20131013
PH work/my_package 1700456712 \
      FL /media/fazel/4600AC1600AC0ECD/Uni/CADS/codes/my_package/my_package.vhd \
      PB ieee/std_logic_1164 1381692176
PB work/my_package 1700456713 \
      FL /media/fazel/4600AC1600AC0ECD/Uni/CADS/codes/my_package/my_package.vhd \
      PH work/my_package 1700456712
